
> ai-commerce-readiness-agent@0.1.0 test
> npm run build && node --experimental-strip-types --test test/*.test.ts


> ai-commerce-readiness-agent@0.1.0 build
> tsc -p tsconfig.json

TAP version 13
# (node:58682) ExperimentalWarning: Type Stripping is an experimental feature and might change at any time
# (Use `node --trace-warnings ...` to show where the warning was created)
# Subtest: AI Buyer executes tools based on LLM response
ok 1 - AI Buyer executes tools based on LLM response
  ---
  duration_ms: 1.653208
  type: 'test'
  ...
# Subtest: AI Buyer respects DENY policy without retrying
ok 2 - AI Buyer respects DENY policy without retrying
  ---
  duration_ms: 0.213875
  type: 'test'
  ...
# Subtest: AI Buyer reports REQUIRE_APPROVAL
ok 3 - AI Buyer reports REQUIRE_APPROVAL
  ---
  duration_ms: 0.288916
  type: 'test'
  ...
# Subtest: AI Buyer reports ALLOW after checkout
ok 4 - AI Buyer reports ALLOW after checkout
  ---
  duration_ms: 0.171084
  type: 'test'
  ...
# Subtest: AI Buyer ignores malicious tools and non-whitelisted tools
ok 5 - AI Buyer ignores malicious tools and non-whitelisted tools
  ---
  duration_ms: 0.308666
  type: 'test'
  ...
# Subtest: AI Buyer does not determine authoritative price or inventory
ok 6 - AI Buyer does not determine authoritative price or inventory
  ---
  duration_ms: 0.186083
  type: 'test'
  ...
# (node:58683) ExperimentalWarning: Type Stripping is an experimental feature and might change at any time
# (Use `node --trace-warnings ...` to show where the warning was created)
# Subtest: Commerce domain logic
    # Subtest: publish merchant
    ok 1 - publish merchant
      ---
      duration_ms: 0.62025
      type: 'test'
      ...
    # Subtest: searchProducts
    ok 2 - searchProducts
      ---
      duration_ms: 0.192417
      type: 'test'
      ...
    # Subtest: getProduct
    ok 3 - getProduct
      ---
      duration_ms: 0.123334
      type: 'test'
      ...
    # Subtest: checkInventory
    ok 4 - checkInventory
      ---
      duration_ms: 0.294208
      type: 'test'
      ...
    # Subtest: cart operations
    ok 5 - cart operations
      ---
      duration_ms: 1.0715
      type: 'test'
      ...
    # Subtest: policy evaluation - ALLOW
    ok 6 - policy evaluation - ALLOW
      ---
      duration_ms: 0.19325
      type: 'test'
      ...
    # Subtest: policy evaluation - REQUIRE_APPROVAL
    ok 7 - policy evaluation - REQUIRE_APPROVAL
      ---
      duration_ms: 0.252542
      type: 'test'
      ...
    # Subtest: policy evaluation - MAX_QUANTITY_EXCEEDED (DENY)
    ok 8 - policy evaluation - MAX_QUANTITY_EXCEEDED (DENY)
      ---
      duration_ms: 0.427584
      type: 'test'
      ...
    # Subtest: security: client cannot affect server state
    ok 9 - security: client cannot affect server state
      ---
      duration_ms: 0.526167
      type: 'test'
      ...
    1..9
ok 7 - Commerce domain logic
  ---
  duration_ms: 6.21575
  type: 'test'
  ...
# (node:58684) ExperimentalWarning: Type Stripping is an experimental feature and might change at any time
# (Use `node --trace-warnings ...` to show where the warning was created)
# [] []
# Subtest: CSV Ingestion - valid CSV
ok 8 - CSV Ingestion - valid CSV
  ---
  duration_ms: 3.2585
  type: 'test'
  ...
# Subtest: CSV Ingestion - empty CSV
ok 9 - CSV Ingestion - empty CSV
  ---
  duration_ms: 0.425958
  type: 'test'
  ...
# Subtest: CSV Ingestion - malformed CSV
ok 10 - CSV Ingestion - malformed CSV
  ---
  duration_ms: 1.179
  type: 'test'
  ...
# Subtest: CSV Ingestion - missing required column
ok 11 - CSV Ingestion - missing required column
  ---
  duration_ms: 0.707541
  type: 'test'
  ...
# Subtest: CSV Ingestion - missing product name
ok 12 - CSV Ingestion - missing product name
  ---
  duration_ms: 0.257292
  type: 'test'
  ...
# Subtest: CSV Ingestion - missing SKU
ok 13 - CSV Ingestion - missing SKU
  ---
  duration_ms: 0.170708
  type: 'test'
  ...
# Subtest: CSV Ingestion - invalid price
ok 14 - CSV Ingestion - invalid price
  ---
  duration_ms: 0.321
  type: 'test'
  ...
# Subtest: CSV Ingestion - invalid stock
ok 15 - CSV Ingestion - invalid stock
  ---
  duration_ms: 0.225667
  type: 'test'
  ...
# Subtest: CSV Ingestion - duplicate SKU
ok 16 - CSV Ingestion - duplicate SKU
  ---
  duration_ms: 1.117833
  type: 'test'
  ...
# Subtest: CSV Ingestion - duplicate variant
ok 17 - CSV Ingestion - duplicate variant
  ---
  duration_ms: 0.85625
  type: 'test'
  ...
# Subtest: CSV Ingestion - valid variant
ok 18 - CSV Ingestion - valid variant
  ---
  duration_ms: 0.337916
  type: 'test'
  ...
# Subtest: CSV Ingestion - preserves product attributes and avoids empty variants
ok 19 - CSV Ingestion - preserves product attributes and avoids empty variants
  ---
  duration_ms: 0.4495
  type: 'test'
  ...
# Subtest: CSV Ingestion - malformed variant
ok 20 - CSV Ingestion - malformed variant
  ---
  duration_ms: 0.197917
  type: 'test'
  ...
# Subtest: CSV Ingestion - optional fields missing
ok 21 - CSV Ingestion - optional fields missing
  ---
  duration_ms: 0.130541
  type: 'test'
  ...
# Subtest: CSV Ingestion - mixed valid/invalid rows
ok 22 - CSV Ingestion - mixed valid/invalid rows
  ---
  duration_ms: 0.142542
  type: 'test'
  ...
# Subtest: CSV Ingestion - special characters
ok 23 - CSV Ingestion - special characters
  ---
  duration_ms: 0.24525
  type: 'test'
  ...
# Subtest: CSV Ingestion - whitespace normalization
ok 24 - CSV Ingestion - whitespace normalization
  ---
  duration_ms: 0.157833
  type: 'test'
  ...
# Subtest: CSV Ingestion - quoted commas, escaped quotes, CRLF, empty fields and multiline quoted values
ok 25 - CSV Ingestion - quoted commas, escaped quotes, CRLF, empty fields and multiline quoted values
  ---
  duration_ms: 0.223375
  type: 'test'
  ...
# Subtest: CsvCatalogSource adapter
ok 26 - CsvCatalogSource adapter
  ---
  duration_ms: 11.200125
  type: 'test'
  ...
# (node:58685) ExperimentalWarning: Type Stripping is an experimental feature and might change at any time
# (Use `node --trace-warnings ...` to show where the warning was created)
# Subtest: Iterative Readiness Workflow
    # Subtest: 1. Score does not inflate across iterations if no changes are made
    ok 1 - 1. Score does not inflate across iterations if no changes are made
      ---
      duration_ms: 1.74125
      type: 'test'
      ...
    # Subtest: 2. Re-audit after safe automatic changes produces higher score
    not ok 2 - 2. Re-audit after safe automatic changes produces higher score
      ---
      duration_ms: 12.324333
      type: 'test'
      location: '/Users/archietans/Developer/projects/agent-merchant-gateway/test/iterative.test.ts:61:11'
      failureType: 'testCodeFailure'
      error: |-
        The expression evaluated to a falsy value:
        
          assert.ok(audit2.overallScore > audit1.overallScore)
        
      code: 'ERR_ASSERTION'
      name: 'AssertionError'
      expected: true
      actual: false
      operator: '=='
      stack: |-
        TestContext.<anonymous> (file:///Users/archietans/Developer/projects/agent-merchant-gateway/test/iterative.test.ts:71:12)
        Test.runInAsyncScope (node:async_hooks:214:14)
        Test.run (node:internal/test_runner/test:1047:25)
        Test.start (node:internal/test_runner/test:944:17)
        TestContext.test (node:internal/test_runner/test:373:20)
        TestContext.<anonymous> (file:///Users/archietans/Developer/projects/agent-merchant-gateway/test/iterative.test.ts:61:11)
        async Test.run (node:internal/test_runner/test:1054:7)
        async startSubtestAfterBootstrap (node:internal/test_runner/harness:296:3)
      ...
    # Subtest: 3. Manual resolutions increase score and remove issues
    ok 3 - 3. Manual resolutions increase score and remove issues
      ---
      duration_ms: 0.312416
      type: 'test'
      ...
    # Subtest: 4. Score threshold (90) successfully gates publish, but never blocks re-audit
    ok 4 - 4. Score threshold (90) successfully gates publish, but never blocks re-audit
      ---
      duration_ms: 0.476958
      type: 'test'
      ...
    # Subtest: 5. Iteration counter increments per audit
    ok 5 - 5. Iteration counter increments per audit
      ---
      duration_ms: 0.204792
      type: 'test'
      ...
    # Subtest: 6. New issues introduced between audits are detected
    ok 6 - 6. New issues introduced between audits are detected
      ---
      duration_ms: 0.158917
      type: 'test'
      ...
    # Subtest: 7. Issue identity is stable across audits
    ok 7 - 7. Issue identity is stable across audits
      ---
      duration_ms: 0.129
      type: 'test'
      ...
    # Subtest: 8. Score never exceeds 100
    ok 8 - 8. Score never exceeds 100
      ---
      duration_ms: 0.458
      type: 'test'
      ...
    1..8
not ok 27 - Iterative Readiness Workflow
  ---
  duration_ms: 18.2005
  type: 'test'
  location: '/Users/archietans/Developer/projects/agent-merchant-gateway/test/iterative.test.ts:7:1'
  failureType: 'subtestsFailed'
  error: '1 subtest failed'
  code: 'ERR_TEST_FAILURE'
  ...
# (node:58686) ExperimentalWarning: Type Stripping is an experimental feature and might change at any time
# (Use `node --trace-warnings ...` to show where the warning was created)
# LLM failed for issue: CATEGORY_NOT_CANONICAL:product:prod-linen-shirt:category Error: Malformed LLM response
#     at proposeCorrections (file:///Users/archietans/Developer/projects/agent-merchant-gateway/dist/readiness/proposals.js:69:27)
#     at async TestContext.<anonymous> (file:///Users/archietans/Developer/projects/agent-merchant-gateway/test/readiness.test.ts:303:21)
#     at async Test.run (node:internal/test_runner/test:1054:7)
#     at async Test.processPendingSubtests (node:internal/test_runner/test:744:7)
# LLM failed for issue: CATEGORY_NOT_CANONICAL:product:prod-linen-shirt:category Error: API error 500
#     at proposeCorrections (file:///Users/archietans/Developer/projects/agent-merchant-gateway/dist/readiness/proposals.js:64:27)
#     at async TestContext.<anonymous> (file:///Users/archietans/Developer/projects/agent-merchant-gateway/test/readiness.test.ts:311:21)
#     at async Test.run (node:internal/test_runner/test:1054:7)
#     at async Test.processPendingSubtests (node:internal/test_runner/test:744:7)
# LLM failed for issue: CATEGORY_NOT_CANONICAL:product:prod-linen-shirt:category Error: Timeout
#     at file:///Users/archietans/Developer/projects/agent-merchant-gateway/test/readiness.test.ts:320:11
#     at Object.apply (node:internal/test_runner/mock/mock:598:20)
#     at proposeCorrections (file:///Users/archietans/Developer/projects/agent-merchant-gateway/dist/readiness/proposals.js:58:35)
#     at async TestContext.<anonymous> (file:///Users/archietans/Developer/projects/agent-merchant-gateway/test/readiness.test.ts:322:21)
#     at async Test.run (node:internal/test_runner/test:1054:7)
#     at async Test.processPendingSubtests (node:internal/test_runner/test:744:7)
# Subtest: demo merchant produces the documented deterministic readiness audit
ok 28 - demo merchant produces the documented deterministic readiness audit
  ---
  duration_ms: 3.272333
  type: 'test'
  ...
# Subtest: a complete catalog receives a perfect score with no issues
ok 29 - a complete catalog receives a perfect score with no issues
  ---
  duration_ms: 0.352875
  type: 'test'
  ...
# Subtest: product, category, attribute, price, variant, and inventory link checks are reported
ok 30 - product, category, attribute, price, variant, and inventory link checks are reported
  ---
  duration_ms: 1.029917
  type: 'test'
  ...
# Subtest: variant option shape and inventory quantity checks are deterministic
ok 31 - variant option shape and inventory quantity checks are deterministic
  ---
  duration_ms: 0.52675
  type: 'test'
  ...
# Subtest: incomplete merchant policies are surfaced without assigning policy values
ok 32 - incomplete merchant policies are surfaced without assigning policy values
  ---
  duration_ms: 0.992708
  type: 'test'
  ...
# Subtest: ingestion creates an independent audit snapshot and does not correct data
ok 33 - ingestion creates an independent audit snapshot and does not correct data
  ---
  duration_ms: 0.417167
  type: 'test'
  ...
# Subtest: malformed merchant input is normalized into an auditable snapshot
ok 34 - malformed merchant input is normalized into an auditable snapshot
  ---
  duration_ms: 0.3695
  type: 'test'
  ...
# Subtest: safe proposals are validated, applied to a clone, and improve the audit score (deterministic)
ok 35 - safe proposals are validated, applied to a clone, and improve the audit score (deterministic)
  ---
  duration_ms: 6.467834
  type: 'test'
  ...
# Subtest: change log retains before values and rollback restores the pre-application snapshot
ok 36 - change log retains before values and rollback restores the pre-application snapshot
  ---
  duration_ms: 1.666417
  type: 'test'
  ...
# Subtest: ambiguous and merchant-sensitive issues enter review without mutation
ok 37 - ambiguous and merchant-sensitive issues enter review without mutation
  ---
  duration_ms: 0.881375
  type: 'test'
  ...
# Subtest: merchant-entered policy value resolves only that review issue and re-audits
ok 38 - merchant-entered policy value resolves only that review issue and re-audits
  ---
  duration_ms: 1.339458
  type: 'test'
  ...
# Subtest: merchant-entered shipping details resolve shipping review without JSON input
ok 39 - merchant-entered shipping details resolve shipping review without JSON input
  ---
  duration_ms: 0.559708
  type: 'test'
  ...
# Subtest: invalid, low-confidence, and malicious proposals cannot mutate merchant data
ok 40 - invalid, low-confidence, and malicious proposals cannot mutate merchant data
  ---
  duration_ms: 0.574459
  type: 'test'
  ...
# Subtest: review and reject validation results produce no writes when application is attempted
ok 41 - review and reject validation results produce no writes when application is attempted
  ---
  duration_ms: 0.561458
  type: 'test'
  ...
# Subtest: automatic corrections never alter an explicit merchant policy
ok 42 - automatic corrections never alter an explicit merchant policy
  ---
  duration_ms: 0.573209
  type: 'test'
  ...
# Subtest: invalid merchant review input leaves the workflow and merchant data unchanged
ok 43 - invalid merchant review input leaves the workflow and merchant data unchanged
  ---
  duration_ms: 0.952167
  type: 'test'
  ...
# Subtest: a second correction run is idempotent and produces no duplicate changes
ok 44 - a second correction run is idempotent and produces no duplicate changes
  ---
  duration_ms: 0.67325
  type: 'test'
  ...
# Subtest: complete merchant review can resolve the remaining demo issues to an AI-ready score
ok 45 - complete merchant review can resolve the remaining demo issues to an AI-ready score
  ---
  duration_ms: 1.269625
  type: 'test'
  ...
# Subtest: 1. valid Gemini response -> reaches validator
ok 46 - 1. valid Gemini response -> reaches validator
  ---
  duration_ms: 0.800334
  type: 'test'
  ...
# Subtest: 2. malformed Gemini response -> safely rejected
ok 47 - 2. malformed Gemini response -> safely rejected
  ---
  duration_ms: 0.855375
  type: 'test'
  ...
# Subtest: 3. Gemini network failure -> safely rejected without mutation
ok 48 - 3. Gemini network failure -> safely rejected without mutation
  ---
  duration_ms: 0.490333
  type: 'test'
  ...
# Subtest: 4. Gemini timeout/error -> safely rejected
ok 49 - 4. Gemini timeout/error -> safely rejected
  ---
  duration_ms: 1.434333
  type: 'test'
  ...
# Subtest: 5. Gemini returns price modification -> validator rejects
ok 50 - 5. Gemini returns price modification -> validator rejects
  ---
  duration_ms: 0.4685
  type: 'test'
  ...
# Subtest: 6. Gemini returns policy modification -> validator rejects
ok 51 - 6. Gemini returns policy modification -> validator rejects
  ---
  duration_ms: 0.400666
  type: 'test'
  ...
# Subtest: 7. Gemini returns stock modification -> validator rejects
ok 52 - 7. Gemini returns stock modification -> validator rejects
  ---
  duration_ms: 0.329125
  type: 'test'
  ...
# Subtest: 8. Gemini returns safe category normalization -> allowed
ok 53 - 8. Gemini returns safe category normalization -> allowed
  ---
  duration_ms: 0.309458
  type: 'test'
  ...
# Subtest: 9. Gemini returns ambiguous correction -> REVIEW_REQUIRED
ok 54 - 9. Gemini returns ambiguous correction -> REVIEW_REQUIRED
  ---
  duration_ms: 0.418375
  type: 'test'
  ...
# Subtest: 10. Gemini targets nonexistent entity -> REJECT
ok 55 - 10. Gemini targets nonexistent entity -> REJECT
  ---
  duration_ms: 0.350667
  type: 'test'
  ...
# Subtest: 11. Gemini targets nonexistent field -> REJECT
ok 56 - 11. Gemini targets nonexistent field -> REJECT
  ---
  duration_ms: 0.319417
  type: 'test'
  ...
# Subtest: 12. Gemini returns low confidence -> REVIEW_REQUIRED
ok 57 - 12. Gemini returns low confidence -> REVIEW_REQUIRED
  ---
  duration_ms: 0.460792
  type: 'test'
  ...
# Subtest: 13. Gemini returns unexpected fields -> safely handled
ok 58 - 13. Gemini returns unexpected fields -> safely handled
  ---
  duration_ms: 0.3195
  type: 'test'
  ...
# Subtest: 14. prompt injection content in merchant data -> no bypass
ok 59 - 14. prompt injection content in merchant data -> no bypass
  ---
  duration_ms: 0.314333
  type: 'test'
  ...
# Subtest: 15. integration: complete audit → Gemini → validator → auto-apply → re-audit flow
ok 60 - 15. integration: complete audit → Gemini → validator → auto-apply → re-audit flow
  ---
  duration_ms: 0.975208
  type: 'test'
  ...
# Subtest: 16. integration: complete unsafe proposal → validator → rejection → unchanged state
ok 61 - 16. integration: complete unsafe proposal → validator → rejection → unchanged state
  ---
  duration_ms: 0.873625
  type: 'test'
  ...
# (node:58687) ExperimentalWarning: Type Stripping is an experimental feature and might change at any time
# (Use `node --trace-warnings ...` to show where the warning was created)
# Subtest: uploaded merchant replaces demo merchant in workflow
ok 62 - uploaded merchant replaces demo merchant in workflow
  ---
  duration_ms: 3.647083
  type: 'test'
  ...
# Subtest: uploaded merchant does not mix with demo data
ok 63 - uploaded merchant does not mix with demo data
  ---
  duration_ms: 0.384
  type: 'test'
  ...
# Subtest: readiness audit uses uploaded merchant
ok 64 - readiness audit uses uploaded merchant
  ---
  duration_ms: 0.273
  type: 'test'
  ...
# Subtest: corrections mutate uploaded merchant
ok 65 - corrections mutate uploaded merchant
  ---
  duration_ms: 24.473375
  type: 'test'
  ...
# Subtest: review resolution mutates uploaded merchant
ok 66 - review resolution mutates uploaded merchant
  ---
  duration_ms: 3.260958
  type: 'test'
  ...
# Subtest: re-audit uses updated uploaded merchant
ok 67 - re-audit uses updated uploaded merchant
  ---
  duration_ms: 0.806583
  type: 'test'
  ...
# Subtest: explicit policy is preserved
ok 68 - explicit policy is preserved
  ---
  duration_ms: 0.268209
  type: 'test'
  ...
# Subtest: missing policy creates review-required issue
ok 69 - missing policy creates review-required issue
  ---
  duration_ms: 0.174083
  type: 'test'
  ...
# Subtest: AI cannot invent missing policy
ok 70 - AI cannot invent missing policy
  ---
  duration_ms: 0.750667
  type: 'test'
  ...
# Subtest: policy value survives re-audit
ok 71 - policy value survives re-audit
  ---
  duration_ms: 0.818166
  type: 'test'
  ...
# Subtest: automated correction cannot modify policy
ok 72 - automated correction cannot modify policy
  ---
  duration_ms: 0.373458
  type: 'test'
  ...
1..72
# tests 89
# suites 0
# pass 87
# fail 2
# cancelled 0
# skipped 0
# todo 0
# duration_ms 225.319708
